=== tools/lint_status_strings.py ===
exit=0
=== tools/lint_repo_consistency.py ===
exit=0
=== scripts/lint_contract_fields.py ===
All contract field declarations match truth files.
exit=0
=== tools/lint_contracts.py ===
exit=0
=== tools/audit-skill-descriptions.py ===
OK: all descriptions compliant in /Users/xiaotiac/Documents/GitHub/shenbi/skills
exit=0
=== tools/check_fixture_mirror.py ===
exit=0
=== tools/lint_no_forbid_with_computed_field.py ===
usage: lint_no_forbid_with_computed_field.py <path>
exit=0
=== tools/lint_no_fs_mutation.py ===
usage: lint_no_fs_mutation.py <path>
exit=0
DANGLING_WRITE (warn): skill=shenbi-score-stratum writes=audits/stratum-*-score.md no consumer
DANGLING_WRITE (warn): skill=shenbi-short-drafting writes=short/short-*-decisions.json no consumer
DANGLING_WRITE (warn): skill=shenbi-short-packaging writes=import/packaging/* no consumer
